// Jest Snapshot v1, https://goo.gl/fbAQLP

exports[`Box matches snapshot 1`] = `
<div>
  <div
    class="Box"
  >
    <div
      class="Box-box"
      style="height: 5em; width: 10em; background-color: green;"
    />
    <button
      class="Box-removeBtn"
    >
      Remove The Box!
    </button>
  </div>
</div>
`;
